// Jest Snapshot v1, https://goo.gl/fbAQLP
exports[`test search input snapshot  1`] = `
<input
  placeholder="Поиск..."
  type="text"
  value=""
/>
`;
